// Jest Snapshot v1, https://goo.gl/fbAQLP

exports[`LanderCard correctly 1`] = `
<div
  className="MuiPaper-root-6 MuiPaper-shadow2-10 MuiPaper-rounded-7"
  style={
    Object {
      "margin": "auto 10px",
      "marginBottom": "20px",
      "minHeight": "400px",
    }
  }
>
  <div
    className="MuiCardMedia-root-33"
    src={undefined}
    style={
      Object {
        "backgroundImage": "url(https://upload.wikimedia.org/wikipedia/commons/thumb/9/9c/B%C3%A9b%C3%A9_Phoque_de_Weddell_-_Baby_Weddell_Seal.jpg/290px-B%C3%A9b%C3%A9_Phoque_de_Weddell_-_Baby_Weddell_Seal.jpg)",
      }
    }
    title="Présentation"
  />
  <div
    className="MuiCardContent-root-35"
  >
    <h3
      className="MuiTypography-root-36 MuiTypography-headline-41"
    >
      Marc :
    </h3>
    <p
      className="MuiTypography-root-36 MuiTypography-body1-45"
    >
      Présentation de l'application
    </p>
  </div>
</div>
`;
